MPLINK 4.37, Linker
Linker Map File - Created Fri Apr 29 15:07:19 2011

                                 Section Info
                  Section       Type    Address   Location Size(Bytes)
                ---------  ---------  ---------  ---------  ---------
                   .org_0       code   0x000000    program   0x000000
                   .org_1       code   0x000000    program   0x000004
                   .org_2       code   0x000008    program   0x000c42



                              Program Memory Usage 
                               Start         End      
                           ---------   ---------      
                            0x000000    0x000003      
                            0x000008    0x000c49      
            3142 out of 33048 program addresses used, program memory utilization is 9%



                              Symbols - Sorted by Name
                     Name    Address   Location    Storage File                     
                ---------  ---------  ---------  --------- ---------                
                   I_down   0x0004b2    program     static C:\Users\Benutzer\Desktop\Technikerarbeit_aus\Prog_Last\Programmierung\prog_last.asm
                    I_out   0x00024c    program     static C:\Users\Benutzer\Desktop\Technikerarbeit_aus\Prog_Last\Programmierung\prog_last.asm
                    I_set   0x00022a    program     static C:\Users\Benutzer\Desktop\Technikerarbeit_aus\Prog_Last\Programmierung\prog_last.asm
                     I_up   0x000406    program     static C:\Users\Benutzer\Desktop\Technikerarbeit_aus\Prog_Last\Programmierung\prog_last.asm
                    P_out   0x000316    program     static C:\Users\Benutzer\Desktop\Technikerarbeit_aus\Prog_Last\Programmierung\prog_last.asm
                   R_down   0x0004d8    program     static C:\Users\Benutzer\Desktop\Technikerarbeit_aus\Prog_Last\Programmierung\prog_last.asm
                    R_out   0x0002ec    program     static C:\Users\Benutzer\Desktop\Technikerarbeit_aus\Prog_Last\Programmierung\prog_last.asm
                    R_set   0x0002c2    program     static C:\Users\Benutzer\Desktop\Technikerarbeit_aus\Prog_Last\Programmierung\prog_last.asm
                     R_up   0x000438    program     static C:\Users\Benutzer\Desktop\Technikerarbeit_aus\Prog_Last\Programmierung\prog_last.asm
                    T_out   0x00036e    program     static C:\Users\Benutzer\Desktop\Technikerarbeit_aus\Prog_Last\Programmierung\prog_last.asm
                   U_down   0x00048c    program     static C:\Users\Benutzer\Desktop\Technikerarbeit_aus\Prog_Last\Programmierung\prog_last.asm
                    U_out   0x000298    program     static C:\Users\Benutzer\Desktop\Technikerarbeit_aus\Prog_Last\Programmierung\prog_last.asm
                    U_set   0x000276    program     static C:\Users\Benutzer\Desktop\Technikerarbeit_aus\Prog_Last\Programmierung\prog_last.asm
                     U_up   0x0003d4    program     static C:\Users\Benutzer\Desktop\Technikerarbeit_aus\Prog_Last\Programmierung\prog_last.asm
               ad_wandeln   0x000524    program     static C:\Users\Benutzer\Desktop\Technikerarbeit_aus\Prog_Last\Programmierung\prog_last.asm
            ad_wandeln_go   0x000540    program     static C:\Users\Benutzer\Desktop\Technikerarbeit_aus\Prog_Last\Programmierung\prog_last.asm
               add_00_set   0x0006b4    program     static C:\Users\Benutzer\Desktop\Technikerarbeit_aus\Prog_Last\Programmierung\prog_last.asm
               add_01_set   0x0006be    program     static C:\Users\Benutzer\Desktop\Technikerarbeit_aus\Prog_Last\Programmierung\prog_last.asm
               add_10_set   0x0006c8    program     static C:\Users\Benutzer\Desktop\Technikerarbeit_aus\Prog_Last\Programmierung\prog_last.asm
               add_11_set   0x0006d2    program     static C:\Users\Benutzer\Desktop\Technikerarbeit_aus\Prog_Last\Programmierung\prog_last.asm
                  add_end   0x0006dc    program     static C:\Users\Benutzer\Desktop\Technikerarbeit_aus\Prog_Last\Programmierung\prog_last.asm
                  add_set   0x00069a    program     static C:\Users\Benutzer\Desktop\Technikerarbeit_aus\Prog_Last\Programmierung\prog_last.asm
                   add_x1   0x0006aa    program     static C:\Users\Benutzer\Desktop\Technikerarbeit_aus\Prog_Last\Programmierung\prog_last.asm
                  ausgabe   0x00088a    program     static C:\Users\Benutzer\Desktop\Technikerarbeit_aus\Prog_Last\Programmierung\prog_last.asm
               auswertung   0x000180    program     static C:\Users\Benutzer\Desktop\Technikerarbeit_aus\Prog_Last\Programmierung\prog_last.asm
              baud_00_set   0x00066a    program     static C:\Users\Benutzer\Desktop\Technikerarbeit_aus\Prog_Last\Programmierung\prog_last.asm
              baud_01_set   0x000676    program     static C:\Users\Benutzer\Desktop\Technikerarbeit_aus\Prog_Last\Programmierung\prog_last.asm
              baud_10_set   0x000682    program     static C:\Users\Benutzer\Desktop\Technikerarbeit_aus\Prog_Last\Programmierung\prog_last.asm
              baud_11_set   0x00068e    program     static C:\Users\Benutzer\Desktop\Technikerarbeit_aus\Prog_Last\Programmierung\prog_last.asm
                  baud_x1   0x000660    program     static C:\Users\Benutzer\Desktop\Technikerarbeit_aus\Prog_Last\Programmierung\prog_last.asm
            bcd_wandeln_I   0x00064c    program     static C:\Users\Benutzer\Desktop\Technikerarbeit_aus\Prog_Last\Programmierung\prog_last.asm
            bcd_wandeln_T   0x00064e    program     static C:\Users\Benutzer\Desktop\Technikerarbeit_aus\Prog_Last\Programmierung\prog_last.asm
            bcd_wandeln_U   0x00058c    program     static C:\Users\Benutzer\Desktop\Technikerarbeit_aus\Prog_Last\Programmierung\prog_last.asm
           bcd_wandeln_U1   0x0005c2    program     static C:\Users\Benutzer\Desktop\Technikerarbeit_aus\Prog_Last\Programmierung\prog_last.asm
           bcd_wandeln_U2   0x000620    program     static C:\Users\Benutzer\Desktop\Technikerarbeit_aus\Prog_Last\Programmierung\prog_last.asm
           bcd_wandeln_U3   0x000632    program     static C:\Users\Benutzer\Desktop\Technikerarbeit_aus\Prog_Last\Programmierung\prog_last.asm
           bcd_wandeln_U4   0x000640    program     static C:\Users\Benutzer\Desktop\Technikerarbeit_aus\Prog_Last\Programmierung\prog_last.asm
        bcd_wandeln_U_end   0x00064a    program     static C:\Users\Benutzer\Desktop\Technikerarbeit_aus\Prog_Last\Programmierung\prog_last.asm
        bcd_wandeln_multi   0x000596    program     static C:\Users\Benutzer\Desktop\Technikerarbeit_aus\Prog_Last\Programmierung\prog_last.asm
                busy_loop   0x000998    program     static C:\Users\Benutzer\Desktop\Technikerarbeit_aus\Prog_Last\Programmierung\prog_last.asm
                 clear_go   0x0008c6    program     static C:\Users\Benutzer\Desktop\Technikerarbeit_aus\Prog_Last\Programmierung\prog_last.asm
              clr_home_l2   0x000bd0    program     static C:\Users\Benutzer\Desktop\Technikerarbeit_aus\Prog_Last\Programmierung\prog_last.asm
                  count_1   0x000078    program     static C:\Users\Benutzer\Desktop\Technikerarbeit_aus\Prog_Last\Programmierung\prog_last.asm
                  count_2   0x00008a    program     static C:\Users\Benutzer\Desktop\Technikerarbeit_aus\Prog_Last\Programmierung\prog_last.asm
                  count_3   0x0000ac    program     static C:\Users\Benutzer\Desktop\Technikerarbeit_aus\Prog_Last\Programmierung\prog_last.asm
                  count_4   0x0000cc    program     static C:\Users\Benutzer\Desktop\Technikerarbeit_aus\Prog_Last\Programmierung\prog_last.asm
                  count_5   0x0000e8    program     static C:\Users\Benutzer\Desktop\Technikerarbeit_aus\Prog_Last\Programmierung\prog_last.asm
                  count_6   0x0000fa    program     static C:\Users\Benutzer\Desktop\Technikerarbeit_aus\Prog_Last\Programmierung\prog_last.asm
                  count_7   0x00010c    program     static C:\Users\Benutzer\Desktop\Technikerarbeit_aus\Prog_Last\Programmierung\prog_last.asm
                  count_8   0x00011e    program     static C:\Users\Benutzer\Desktop\Technikerarbeit_aus\Prog_Last\Programmierung\prog_last.asm
                  count_9   0x000130    program     static C:\Users\Benutzer\Desktop\Technikerarbeit_aus\Prog_Last\Programmierung\prog_last.asm
                  dec_I_2   0x0004c8    program     static C:\Users\Benutzer\Desktop\Technikerarbeit_aus\Prog_Last\Programmierung\prog_last.asm
                  dec_I_3   0x0004ce    program     static C:\Users\Benutzer\Desktop\Technikerarbeit_aus\Prog_Last\Programmierung\prog_last.asm
                  dec_R_2   0x0004ee    program     static C:\Users\Benutzer\Desktop\Technikerarbeit_aus\Prog_Last\Programmierung\prog_last.asm
                  dec_R_3   0x0004f4    program     static C:\Users\Benutzer\Desktop\Technikerarbeit_aus\Prog_Last\Programmierung\prog_last.asm
                  dec_U_3   0x0004a2    program     static C:\Users\Benutzer\Desktop\Technikerarbeit_aus\Prog_Last\Programmierung\prog_last.asm
                  dec_U_4   0x0004a8    program     static C:\Users\Benutzer\Desktop\Technikerarbeit_aus\Prog_Last\Programmierung\prog_last.asm
              dip_abfrage   0x000650    program     static C:\Users\Benutzer\Desktop\Technikerarbeit_aus\Prog_Last\Programmierung\prog_last.asm
                  discard   0x00013e    program     static C:\Users\Benutzer\Desktop\Technikerarbeit_aus\Prog_Last\Programmierung\prog_last.asm
                  inc_I_2   0x000420    program     static C:\Users\Benutzer\Desktop\Technikerarbeit_aus\Prog_Last\Programmierung\prog_last.asm
               inc_I_2_go   0x00042c    program     static C:\Users\Benutzer\Desktop\Technikerarbeit_aus\Prog_Last\Programmierung\prog_last.asm
                  inc_I_3   0x000432    program     static C:\Users\Benutzer\Desktop\Technikerarbeit_aus\Prog_Last\Programmierung\prog_last.asm
                  inc_R_2   0x000452    program     static C:\Users\Benutzer\Desktop\Technikerarbeit_aus\Prog_Last\Programmierung\prog_last.asm
               inc_R_2_go   0x00045e    program     static C:\Users\Benutzer\Desktop\Technikerarbeit_aus\Prog_Last\Programmierung\prog_last.asm
                  inc_R_3   0x000464    program     static C:\Users\Benutzer\Desktop\Technikerarbeit_aus\Prog_Last\Programmierung\prog_last.asm
                  inc_U_3   0x0003ee    program     static C:\Users\Benutzer\Desktop\Technikerarbeit_aus\Prog_Last\Programmierung\prog_last.asm
               inc_U_3_go   0x0003fa    program     static C:\Users\Benutzer\Desktop\Technikerarbeit_aus\Prog_Last\Programmierung\prog_last.asm
                  inc_U_4   0x000400    program     static C:\Users\Benutzer\Desktop\Technikerarbeit_aus\Prog_Last\Programmierung\prog_last.asm
                inc_bcd_U   0x0005ec    program     static C:\Users\Benutzer\Desktop\Technikerarbeit_aus\Prog_Last\Programmierung\prog_last.asm
              inc_bcd_U_2   0x00061a    program     static C:\Users\Benutzer\Desktop\Technikerarbeit_aus\Prog_Last\Programmierung\prog_last.asm
              inc_bcd_U_3   0x000614    program     static C:\Users\Benutzer\Desktop\Technikerarbeit_aus\Prog_Last\Programmierung\prog_last.asm
              inc_bcd_U_4   0x00060e    program     static C:\Users\Benutzer\Desktop\Technikerarbeit_aus\Prog_Last\Programmierung\prog_last.asm
              init_system   0x0006de    program     static C:\Users\Benutzer\Desktop\Technikerarbeit_aus\Prog_Last\Programmierung\prog_last.asm
                      isr   0x000008    program     static C:\Users\Benutzer\Desktop\Technikerarbeit_aus\Prog_Last\Programmierung\prog_last.asm
                 isr_down   0x000474    program     static C:\Users\Benutzer\Desktop\Technikerarbeit_aus\Prog_Last\Programmierung\prog_last.asm
             isr_down_end   0x0004fe    program     static C:\Users\Benutzer\Desktop\Technikerarbeit_aus\Prog_Last\Programmierung\prog_last.asm
                  isr_end   0x000038    program     static C:\Users\Benutzer\Desktop\Technikerarbeit_aus\Prog_Last\Programmierung\prog_last.asm
                  isr_loc   0x0003b2    program     static C:\Users\Benutzer\Desktop\Technikerarbeit_aus\Prog_Last\Programmierung\prog_last.asm
                 isr_mode   0x000396    program     static C:\Users\Benutzer\Desktop\Technikerarbeit_aus\Prog_Last\Programmierung\prog_last.asm
             isr_mode_end   0x0003a8    program     static C:\Users\Benutzer\Desktop\Technikerarbeit_aus\Prog_Last\Programmierung\prog_last.asm
                isr_onoff   0x00038a    program     static C:\Users\Benutzer\Desktop\Technikerarbeit_aus\Prog_Last\Programmierung\prog_last.asm
                   isr_up   0x0003bc    program     static C:\Users\Benutzer\Desktop\Technikerarbeit_aus\Prog_Last\Programmierung\prog_last.asm
               isr_up_end   0x00046a    program     static C:\Users\Benutzer\Desktop\Technikerarbeit_aus\Prog_Last\Programmierung\prog_last.asm
              kurz_warten   0x00098c    program     static C:\Users\Benutzer\Desktop\Technikerarbeit_aus\Prog_Last\Programmierung\prog_last.asm
              lange_pause   0x0008da    program     static C:\Users\Benutzer\Desktop\Technikerarbeit_aus\Prog_Last\Programmierung\prog_last.asm
           lange_pause_go   0x0008e0    program     static C:\Users\Benutzer\Desktop\Technikerarbeit_aus\Prog_Last\Programmierung\prog_last.asm
                    lcd_0   0x00083a    program     static C:\Users\Benutzer\Desktop\Technikerarbeit_aus\Prog_Last\Programmierung\prog_last.asm
              lcd_ausgabe   0x000924    program     static C:\Users\Benutzer\Desktop\Technikerarbeit_aus\Prog_Last\Programmierung\prog_last.asm
                 lcd_busy   0x000994    program     static C:\Users\Benutzer\Desktop\Technikerarbeit_aus\Prog_Last\Programmierung\prog_last.asm
             lcd_clear_l2   0x0008bc    program     static C:\Users\Benutzer\Desktop\Technikerarbeit_aus\Prog_Last\Programmierung\prog_last.asm
            lcd_datenwort   0x000898    program     static C:\Users\Benutzer\Desktop\Technikerarbeit_aus\Prog_Last\Programmierung\prog_last.asm
              lcd_home_l2   0x0008ac    program     static C:\Users\Benutzer\Desktop\Technikerarbeit_aus\Prog_Last\Programmierung\prog_last.asm
                 lcd_init   0x00078e    program     static C:\Users\Benutzer\Desktop\Technikerarbeit_aus\Prog_Last\Programmierung\prog_last.asm
         lcd_loesche_data   0x000974    program     static C:\Users\Benutzer\Desktop\Technikerarbeit_aus\Prog_Last\Programmierung\prog_last.asm
           lcd_steuerwort   0x0008a0    program     static C:\Users\Benutzer\Desktop\Technikerarbeit_aus\Prog_Last\Programmierung\prog_last.asm
                     loop   0x000514    program     static C:\Users\Benutzer\Desktop\Technikerarbeit_aus\Prog_Last\Programmierung\prog_last.asm
                   loop_0   0x000910    program     static C:\Users\Benutzer\Desktop\Technikerarbeit_aus\Prog_Last\Programmierung\prog_last.asm
                   loop_1   0x00090c    program     static C:\Users\Benutzer\Desktop\Technikerarbeit_aus\Prog_Last\Programmierung\prog_last.asm
                     main   0x000508    program     static C:\Users\Benutzer\Desktop\Technikerarbeit_aus\Prog_Last\Programmierung\prog_last.asm
           mode_0_routine   0x0009e6    program     static C:\Users\Benutzer\Desktop\Technikerarbeit_aus\Prog_Last\Programmierung\prog_last.asm
           mode_I_routine   0x000a6e    program     static C:\Users\Benutzer\Desktop\Technikerarbeit_aus\Prog_Last\Programmierung\prog_last.asm
           mode_P_routine   0x000aec    program     static C:\Users\Benutzer\Desktop\Technikerarbeit_aus\Prog_Last\Programmierung\prog_last.asm
           mode_R_routine   0x000b7e    program     static C:\Users\Benutzer\Desktop\Technikerarbeit_aus\Prog_Last\Programmierung\prog_last.asm
           mode_T_routine   0x000b40    program     static C:\Users\Benutzer\Desktop\Technikerarbeit_aus\Prog_Last\Programmierung\prog_last.asm
           mode_U_routine   0x0009f0    program     static C:\Users\Benutzer\Desktop\Technikerarbeit_aus\Prog_Last\Programmierung\prog_last.asm
             mode_auswahl   0x0009be    program     static C:\Users\Benutzer\Desktop\Technikerarbeit_aus\Prog_Last\Programmierung\prog_last.asm
               mode_reset   0x0003a4    program     static C:\Users\Benutzer\Desktop\Technikerarbeit_aus\Prog_Last\Programmierung\prog_last.asm
                    not_I   0x0001a2    program     static C:\Users\Benutzer\Desktop\Technikerarbeit_aus\Prog_Last\Programmierung\prog_last.asm
                   not_IU   0x0001c2    program     static C:\Users\Benutzer\Desktop\Technikerarbeit_aus\Prog_Last\Programmierung\prog_last.asm
                  not_IUR   0x0001e2    program     static C:\Users\Benutzer\Desktop\Technikerarbeit_aus\Prog_Last\Programmierung\prog_last.asm
                 not_IURP   0x0001fa    program     static C:\Users\Benutzer\Desktop\Technikerarbeit_aus\Prog_Last\Programmierung\prog_last.asm
                 not_Iset   0x00019a    program     static C:\Users\Benutzer\Desktop\Technikerarbeit_aus\Prog_Last\Programmierung\prog_last.asm
                 not_Rset   0x0001da    program     static C:\Users\Benutzer\Desktop\Technikerarbeit_aus\Prog_Last\Programmierung\prog_last.asm
                 not_Uset   0x0001ba    program     static C:\Users\Benutzer\Desktop\Technikerarbeit_aus\Prog_Last\Programmierung\prog_last.asm
                    pause   0x000908    program     static C:\Users\Benutzer\Desktop\Technikerarbeit_aus\Prog_Last\Programmierung\prog_last.asm
            rs232_ausgabe   0x000986    program     static C:\Users\Benutzer\Desktop\Technikerarbeit_aus\Prog_Last\Programmierung\prog_last.asm
                rs232_int   0x000058    program     static C:\Users\Benutzer\Desktop\Technikerarbeit_aus\Prog_Last\Programmierung\prog_last.asm
            rs232_int_end   0x000142    program     static C:\Users\Benutzer\Desktop\Technikerarbeit_aus\Prog_Last\Programmierung\prog_last.asm
               set_lcd_rs   0x000980    program     static C:\Users\Benutzer\Desktop\Technikerarbeit_aus\Prog_Last\Programmierung\prog_last.asm
       speicher_freigeben   0x000212    program     static C:\Users\Benutzer\Desktop\Technikerarbeit_aus\Prog_Last\Programmierung\prog_last.asm
              verarbeiten   0x00014a    program     static C:\Users\Benutzer\Desktop\Technikerarbeit_aus\Prog_Last\Programmierung\prog_last.asm
                   warten   0x00054a    program     static C:\Users\Benutzer\Desktop\Technikerarbeit_aus\Prog_Last\Programmierung\prog_last.asm



                              Symbols - Sorted by Address
                     Name    Address   Location    Storage File                     
                ---------  ---------  ---------  --------- ---------                
                      isr   0x000008    program     static C:\Users\Benutzer\Desktop\Technikerarbeit_aus\Prog_Last\Programmierung\prog_last.asm
                  isr_end   0x000038    program     static C:\Users\Benutzer\Desktop\Technikerarbeit_aus\Prog_Last\Programmierung\prog_last.asm
                rs232_int   0x000058    program     static C:\Users\Benutzer\Desktop\Technikerarbeit_aus\Prog_Last\Programmierung\prog_last.asm
                  count_1   0x000078    program     static C:\Users\Benutzer\Desktop\Technikerarbeit_aus\Prog_Last\Programmierung\prog_last.asm
                  count_2   0x00008a    program     static C:\Users\Benutzer\Desktop\Technikerarbeit_aus\Prog_Last\Programmierung\prog_last.asm
                  count_3   0x0000ac    program     static C:\Users\Benutzer\Desktop\Technikerarbeit_aus\Prog_Last\Programmierung\prog_last.asm
                  count_4   0x0000cc    program     static C:\Users\Benutzer\Desktop\Technikerarbeit_aus\Prog_Last\Programmierung\prog_last.asm
                  count_5   0x0000e8    program     static C:\Users\Benutzer\Desktop\Technikerarbeit_aus\Prog_Last\Programmierung\prog_last.asm
                  count_6   0x0000fa    program     static C:\Users\Benutzer\Desktop\Technikerarbeit_aus\Prog_Last\Programmierung\prog_last.asm
                  count_7   0x00010c    program     static C:\Users\Benutzer\Desktop\Technikerarbeit_aus\Prog_Last\Programmierung\prog_last.asm
                  count_8   0x00011e    program     static C:\Users\Benutzer\Desktop\Technikerarbeit_aus\Prog_Last\Programmierung\prog_last.asm
                  count_9   0x000130    program     static C:\Users\Benutzer\Desktop\Technikerarbeit_aus\Prog_Last\Programmierung\prog_last.asm
                  discard   0x00013e    program     static C:\Users\Benutzer\Desktop\Technikerarbeit_aus\Prog_Last\Programmierung\prog_last.asm
            rs232_int_end   0x000142    program     static C:\Users\Benutzer\Desktop\Technikerarbeit_aus\Prog_Last\Programmierung\prog_last.asm
              verarbeiten   0x00014a    program     static C:\Users\Benutzer\Desktop\Technikerarbeit_aus\Prog_Last\Programmierung\prog_last.asm
               auswertung   0x000180    program     static C:\Users\Benutzer\Desktop\Technikerarbeit_aus\Prog_Last\Programmierung\prog_last.asm
                 not_Iset   0x00019a    program     static C:\Users\Benutzer\Desktop\Technikerarbeit_aus\Prog_Last\Programmierung\prog_last.asm
                    not_I   0x0001a2    program     static C:\Users\Benutzer\Desktop\Technikerarbeit_aus\Prog_Last\Programmierung\prog_last.asm
                 not_Uset   0x0001ba    program     static C:\Users\Benutzer\Desktop\Technikerarbeit_aus\Prog_Last\Programmierung\prog_last.asm
                   not_IU   0x0001c2    program     static C:\Users\Benutzer\Desktop\Technikerarbeit_aus\Prog_Last\Programmierung\prog_last.asm
                 not_Rset   0x0001da    program     static C:\Users\Benutzer\Desktop\Technikerarbeit_aus\Prog_Last\Programmierung\prog_last.asm
                  not_IUR   0x0001e2    program     static C:\Users\Benutzer\Desktop\Technikerarbeit_aus\Prog_Last\Programmierung\prog_last.asm
                 not_IURP   0x0001fa    program     static C:\Users\Benutzer\Desktop\Technikerarbeit_aus\Prog_Last\Programmierung\prog_last.asm
       speicher_freigeben   0x000212    program     static C:\Users\Benutzer\Desktop\Technikerarbeit_aus\Prog_Last\Programmierung\prog_last.asm
                    I_set   0x00022a    program     static C:\Users\Benutzer\Desktop\Technikerarbeit_aus\Prog_Last\Programmierung\prog_last.asm
                    I_out   0x00024c    program     static C:\Users\Benutzer\Desktop\Technikerarbeit_aus\Prog_Last\Programmierung\prog_last.asm
                    U_set   0x000276    program     static C:\Users\Benutzer\Desktop\Technikerarbeit_aus\Prog_Last\Programmierung\prog_last.asm
                    U_out   0x000298    program     static C:\Users\Benutzer\Desktop\Technikerarbeit_aus\Prog_Last\Programmierung\prog_last.asm
                    R_set   0x0002c2    program     static C:\Users\Benutzer\Desktop\Technikerarbeit_aus\Prog_Last\Programmierung\prog_last.asm
                    R_out   0x0002ec    program     static C:\Users\Benutzer\Desktop\Technikerarbeit_aus\Prog_Last\Programmierung\prog_last.asm
                    P_out   0x000316    program     static C:\Users\Benutzer\Desktop\Technikerarbeit_aus\Prog_Last\Programmierung\prog_last.asm
                    T_out   0x00036e    program     static C:\Users\Benutzer\Desktop\Technikerarbeit_aus\Prog_Last\Programmierung\prog_last.asm
                isr_onoff   0x00038a    program     static C:\Users\Benutzer\Desktop\Technikerarbeit_aus\Prog_Last\Programmierung\prog_last.asm
                 isr_mode   0x000396    program     static C:\Users\Benutzer\Desktop\Technikerarbeit_aus\Prog_Last\Programmierung\prog_last.asm
               mode_reset   0x0003a4    program     static C:\Users\Benutzer\Desktop\Technikerarbeit_aus\Prog_Last\Programmierung\prog_last.asm
             isr_mode_end   0x0003a8    program     static C:\Users\Benutzer\Desktop\Technikerarbeit_aus\Prog_Last\Programmierung\prog_last.asm
                  isr_loc   0x0003b2    program     static C:\Users\Benutzer\Desktop\Technikerarbeit_aus\Prog_Last\Programmierung\prog_last.asm
                   isr_up   0x0003bc    program     static C:\Users\Benutzer\Desktop\Technikerarbeit_aus\Prog_Last\Programmierung\prog_last.asm
                     U_up   0x0003d4    program     static C:\Users\Benutzer\Desktop\Technikerarbeit_aus\Prog_Last\Programmierung\prog_last.asm
                  inc_U_3   0x0003ee    program     static C:\Users\Benutzer\Desktop\Technikerarbeit_aus\Prog_Last\Programmierung\prog_last.asm
               inc_U_3_go   0x0003fa    program     static C:\Users\Benutzer\Desktop\Technikerarbeit_aus\Prog_Last\Programmierung\prog_last.asm
                  inc_U_4   0x000400    program     static C:\Users\Benutzer\Desktop\Technikerarbeit_aus\Prog_Last\Programmierung\prog_last.asm
                     I_up   0x000406    program     static C:\Users\Benutzer\Desktop\Technikerarbeit_aus\Prog_Last\Programmierung\prog_last.asm
                  inc_I_2   0x000420    program     static C:\Users\Benutzer\Desktop\Technikerarbeit_aus\Prog_Last\Programmierung\prog_last.asm
               inc_I_2_go   0x00042c    program     static C:\Users\Benutzer\Desktop\Technikerarbeit_aus\Prog_Last\Programmierung\prog_last.asm
                  inc_I_3   0x000432    program     static C:\Users\Benutzer\Desktop\Technikerarbeit_aus\Prog_Last\Programmierung\prog_last.asm
                     R_up   0x000438    program     static C:\Users\Benutzer\Desktop\Technikerarbeit_aus\Prog_Last\Programmierung\prog_last.asm
                  inc_R_2   0x000452    program     static C:\Users\Benutzer\Desktop\Technikerarbeit_aus\Prog_Last\Programmierung\prog_last.asm
               inc_R_2_go   0x00045e    program     static C:\Users\Benutzer\Desktop\Technikerarbeit_aus\Prog_Last\Programmierung\prog_last.asm
                  inc_R_3   0x000464    program     static C:\Users\Benutzer\Desktop\Technikerarbeit_aus\Prog_Last\Programmierung\prog_last.asm
               isr_up_end   0x00046a    program     static C:\Users\Benutzer\Desktop\Technikerarbeit_aus\Prog_Last\Programmierung\prog_last.asm
                 isr_down   0x000474    program     static C:\Users\Benutzer\Desktop\Technikerarbeit_aus\Prog_Last\Programmierung\prog_last.asm
                   U_down   0x00048c    program     static C:\Users\Benutzer\Desktop\Technikerarbeit_aus\Prog_Last\Programmierung\prog_last.asm
                  dec_U_3   0x0004a2    program     static C:\Users\Benutzer\Desktop\Technikerarbeit_aus\Prog_Last\Programmierung\prog_last.asm
                  dec_U_4   0x0004a8    program     static C:\Users\Benutzer\Desktop\Technikerarbeit_aus\Prog_Last\Programmierung\prog_last.asm
                   I_down   0x0004b2    program     static C:\Users\Benutzer\Desktop\Technikerarbeit_aus\Prog_Last\Programmierung\prog_last.asm
                  dec_I_2   0x0004c8    program     static C:\Users\Benutzer\Desktop\Technikerarbeit_aus\Prog_Last\Programmierung\prog_last.asm
                  dec_I_3   0x0004ce    program     static C:\Users\Benutzer\Desktop\Technikerarbeit_aus\Prog_Last\Programmierung\prog_last.asm
                   R_down   0x0004d8    program     static C:\Users\Benutzer\Desktop\Technikerarbeit_aus\Prog_Last\Programmierung\prog_last.asm
                  dec_R_2   0x0004ee    program     static C:\Users\Benutzer\Desktop\Technikerarbeit_aus\Prog_Last\Programmierung\prog_last.asm
                  dec_R_3   0x0004f4    program     static C:\Users\Benutzer\Desktop\Technikerarbeit_aus\Prog_Last\Programmierung\prog_last.asm
             isr_down_end   0x0004fe    program     static C:\Users\Benutzer\Desktop\Technikerarbeit_aus\Prog_Last\Programmierung\prog_last.asm
                     main   0x000508    program     static C:\Users\Benutzer\Desktop\Technikerarbeit_aus\Prog_Last\Programmierung\prog_last.asm
                     loop   0x000514    program     static C:\Users\Benutzer\Desktop\Technikerarbeit_aus\Prog_Last\Programmierung\prog_last.asm
               ad_wandeln   0x000524    program     static C:\Users\Benutzer\Desktop\Technikerarbeit_aus\Prog_Last\Programmierung\prog_last.asm
            ad_wandeln_go   0x000540    program     static C:\Users\Benutzer\Desktop\Technikerarbeit_aus\Prog_Last\Programmierung\prog_last.asm
                   warten   0x00054a    program     static C:\Users\Benutzer\Desktop\Technikerarbeit_aus\Prog_Last\Programmierung\prog_last.asm
            bcd_wandeln_U   0x00058c    program     static C:\Users\Benutzer\Desktop\Technikerarbeit_aus\Prog_Last\Programmierung\prog_last.asm
        bcd_wandeln_multi   0x000596    program     static C:\Users\Benutzer\Desktop\Technikerarbeit_aus\Prog_Last\Programmierung\prog_last.asm
           bcd_wandeln_U1   0x0005c2    program     static C:\Users\Benutzer\Desktop\Technikerarbeit_aus\Prog_Last\Programmierung\prog_last.asm
                inc_bcd_U   0x0005ec    program     static C:\Users\Benutzer\Desktop\Technikerarbeit_aus\Prog_Last\Programmierung\prog_last.asm
              inc_bcd_U_4   0x00060e    program     static C:\Users\Benutzer\Desktop\Technikerarbeit_aus\Prog_Last\Programmierung\prog_last.asm
              inc_bcd_U_3   0x000614    program     static C:\Users\Benutzer\Desktop\Technikerarbeit_aus\Prog_Last\Programmierung\prog_last.asm
              inc_bcd_U_2   0x00061a    program     static C:\Users\Benutzer\Desktop\Technikerarbeit_aus\Prog_Last\Programmierung\prog_last.asm
           bcd_wandeln_U2   0x000620    program     static C:\Users\Benutzer\Desktop\Technikerarbeit_aus\Prog_Last\Programmierung\prog_last.asm
           bcd_wandeln_U3   0x000632    program     static C:\Users\Benutzer\Desktop\Technikerarbeit_aus\Prog_Last\Programmierung\prog_last.asm
           bcd_wandeln_U4   0x000640    program     static C:\Users\Benutzer\Desktop\Technikerarbeit_aus\Prog_Last\Programmierung\prog_last.asm
        bcd_wandeln_U_end   0x00064a    program     static C:\Users\Benutzer\Desktop\Technikerarbeit_aus\Prog_Last\Programmierung\prog_last.asm
            bcd_wandeln_I   0x00064c    program     static C:\Users\Benutzer\Desktop\Technikerarbeit_aus\Prog_Last\Programmierung\prog_last.asm
            bcd_wandeln_T   0x00064e    program     static C:\Users\Benutzer\Desktop\Technikerarbeit_aus\Prog_Last\Programmierung\prog_last.asm
              dip_abfrage   0x000650    program     static C:\Users\Benutzer\Desktop\Technikerarbeit_aus\Prog_Last\Programmierung\prog_last.asm
                  baud_x1   0x000660    program     static C:\Users\Benutzer\Desktop\Technikerarbeit_aus\Prog_Last\Programmierung\prog_last.asm
              baud_00_set   0x00066a    program     static C:\Users\Benutzer\Desktop\Technikerarbeit_aus\Prog_Last\Programmierung\prog_last.asm
              baud_01_set   0x000676    program     static C:\Users\Benutzer\Desktop\Technikerarbeit_aus\Prog_Last\Programmierung\prog_last.asm
              baud_10_set   0x000682    program     static C:\Users\Benutzer\Desktop\Technikerarbeit_aus\Prog_Last\Programmierung\prog_last.asm
              baud_11_set   0x00068e    program     static C:\Users\Benutzer\Desktop\Technikerarbeit_aus\Prog_Last\Programmierung\prog_last.asm
                  add_set   0x00069a    program     static C:\Users\Benutzer\Desktop\Technikerarbeit_aus\Prog_Last\Programmierung\prog_last.asm
                   add_x1   0x0006aa    program     static C:\Users\Benutzer\Desktop\Technikerarbeit_aus\Prog_Last\Programmierung\prog_last.asm
               add_00_set   0x0006b4    program     static C:\Users\Benutzer\Desktop\Technikerarbeit_aus\Prog_Last\Programmierung\prog_last.asm
               add_01_set   0x0006be    program     static C:\Users\Benutzer\Desktop\Technikerarbeit_aus\Prog_Last\Programmierung\prog_last.asm
               add_10_set   0x0006c8    program     static C:\Users\Benutzer\Desktop\Technikerarbeit_aus\Prog_Last\Programmierung\prog_last.asm
               add_11_set   0x0006d2    program     static C:\Users\Benutzer\Desktop\Technikerarbeit_aus\Prog_Last\Programmierung\prog_last.asm
                  add_end   0x0006dc    program     static C:\Users\Benutzer\Desktop\Technikerarbeit_aus\Prog_Last\Programmierung\prog_last.asm
              init_system   0x0006de    program     static C:\Users\Benutzer\Desktop\Technikerarbeit_aus\Prog_Last\Programmierung\prog_last.asm
                 lcd_init   0x00078e    program     static C:\Users\Benutzer\Desktop\Technikerarbeit_aus\Prog_Last\Programmierung\prog_last.asm
                    lcd_0   0x00083a    program     static C:\Users\Benutzer\Desktop\Technikerarbeit_aus\Prog_Last\Programmierung\prog_last.asm
                  ausgabe   0x00088a    program     static C:\Users\Benutzer\Desktop\Technikerarbeit_aus\Prog_Last\Programmierung\prog_last.asm
            lcd_datenwort   0x000898    program     static C:\Users\Benutzer\Desktop\Technikerarbeit_aus\Prog_Last\Programmierung\prog_last.asm
           lcd_steuerwort   0x0008a0    program     static C:\Users\Benutzer\Desktop\Technikerarbeit_aus\Prog_Last\Programmierung\prog_last.asm
              lcd_home_l2   0x0008ac    program     static C:\Users\Benutzer\Desktop\Technikerarbeit_aus\Prog_Last\Programmierung\prog_last.asm
             lcd_clear_l2   0x0008bc    program     static C:\Users\Benutzer\Desktop\Technikerarbeit_aus\Prog_Last\Programmierung\prog_last.asm
                 clear_go   0x0008c6    program     static C:\Users\Benutzer\Desktop\Technikerarbeit_aus\Prog_Last\Programmierung\prog_last.asm
              lange_pause   0x0008da    program     static C:\Users\Benutzer\Desktop\Technikerarbeit_aus\Prog_Last\Programmierung\prog_last.asm
           lange_pause_go   0x0008e0    program     static C:\Users\Benutzer\Desktop\Technikerarbeit_aus\Prog_Last\Programmierung\prog_last.asm
                    pause   0x000908    program     static C:\Users\Benutzer\Desktop\Technikerarbeit_aus\Prog_Last\Programmierung\prog_last.asm
                   loop_1   0x00090c    program     static C:\Users\Benutzer\Desktop\Technikerarbeit_aus\Prog_Last\Programmierung\prog_last.asm
                   loop_0   0x000910    program     static C:\Users\Benutzer\Desktop\Technikerarbeit_aus\Prog_Last\Programmierung\prog_last.asm
              lcd_ausgabe   0x000924    program     static C:\Users\Benutzer\Desktop\Technikerarbeit_aus\Prog_Last\Programmierung\prog_last.asm
         lcd_loesche_data   0x000974    program     static C:\Users\Benutzer\Desktop\Technikerarbeit_aus\Prog_Last\Programmierung\prog_last.asm
               set_lcd_rs   0x000980    program     static C:\Users\Benutzer\Desktop\Technikerarbeit_aus\Prog_Last\Programmierung\prog_last.asm
            rs232_ausgabe   0x000986    program     static C:\Users\Benutzer\Desktop\Technikerarbeit_aus\Prog_Last\Programmierung\prog_last.asm
              kurz_warten   0x00098c    program     static C:\Users\Benutzer\Desktop\Technikerarbeit_aus\Prog_Last\Programmierung\prog_last.asm
                 lcd_busy   0x000994    program     static C:\Users\Benutzer\Desktop\Technikerarbeit_aus\Prog_Last\Programmierung\prog_last.asm
                busy_loop   0x000998    program     static C:\Users\Benutzer\Desktop\Technikerarbeit_aus\Prog_Last\Programmierung\prog_last.asm
             mode_auswahl   0x0009be    program     static C:\Users\Benutzer\Desktop\Technikerarbeit_aus\Prog_Last\Programmierung\prog_last.asm
           mode_0_routine   0x0009e6    program     static C:\Users\Benutzer\Desktop\Technikerarbeit_aus\Prog_Last\Programmierung\prog_last.asm
           mode_U_routine   0x0009f0    program     static C:\Users\Benutzer\Desktop\Technikerarbeit_aus\Prog_Last\Programmierung\prog_last.asm
           mode_I_routine   0x000a6e    program     static C:\Users\Benutzer\Desktop\Technikerarbeit_aus\Prog_Last\Programmierung\prog_last.asm
           mode_P_routine   0x000aec    program     static C:\Users\Benutzer\Desktop\Technikerarbeit_aus\Prog_Last\Programmierung\prog_last.asm
           mode_T_routine   0x000b40    program     static C:\Users\Benutzer\Desktop\Technikerarbeit_aus\Prog_Last\Programmierung\prog_last.asm
           mode_R_routine   0x000b7e    program     static C:\Users\Benutzer\Desktop\Technikerarbeit_aus\Prog_Last\Programmierung\prog_last.asm
              clr_home_l2   0x000bd0    program     static C:\Users\Benutzer\Desktop\Technikerarbeit_aus\Prog_Last\Programmierung\prog_last.asm


